2026-10-03 15:54:35 | INFO     | stock_sync     | Starting Multi-Marketplace Stock Sync v2.0...
2026-10-03 15:54:35 | ERROR    | database       | Failed to initialize database
Traceback (most recent call last):
  File "C:\Users\Nout\Desktop\GitProject\WB and Ozon\wb-api-stock-sync\database.py", line 23, in init_database
    db.isolation_level = None
    ^^^^^^^^^^^^^^^^^^
  File "C:\Users\Nout\Desktop\GitProject\WB and Ozon\wb-api-stock-sync\venv\Lib\site-packages\aiosqlite\core.py", line 294, in isolation_level
    self._conn.isolation_level = value
    ^^^^^^^^^^^^^^^^^^^^^^^^^^
sqlite3.ProgrammingError: SQLite objects created in a thread can only be used in that same thread. The object was created in thread id 9164 and this is thread id 15240.
2026-10-03 15:54:35 | CRITICAL | stock_sync     | Failed to initialize system database: Database initialization failed: SQLite objects created in a thread can only be used in that same thread. The object was created in thread id 9164 and this is thread id 15240.
2026-10-03 16:54:03 | INFO     | stock_sync     | Starting Multi-Marketplace Stock Sync v2.0...
2026-10-03 16:54:03 | INFO     | database       | Database schema initialized successfully (WAL mode enabled): C:\Users\Nout\Desktop\GitProject\WBandOzon\wb-api-stock-sync\data\stocks.db
2026-10-03 16:54:03 | INFO     | database       | Synchronizing SQLite database with mapping.json (Source of Truth)...
2026-10-03 16:54:03 | ERROR    | database       | Synchronization with mapping.json failed
Traceback (most recent call last):
  File "C:\Users\Nout\Desktop\GitProject\WBandOzon\wb-api-stock-sync\database.py", line 94, in _sync_from_json
    async with db.transaction():
               ^^^^^^^^^^^^^^
AttributeError: 'Connection' object has no attribute 'transaction'. Did you mean: 'in_transaction'?
2026-10-03 16:54:03 | ERROR    | database       | Failed to initialize database
Traceback (most recent call last):
  File "C:\Users\Nout\Desktop\GitProject\WBandOzon\wb-api-stock-sync\database.py", line 94, in _sync_from_json
    async with db.transaction():
               ^^^^^^^^^^^^^^
AttributeError: 'Connection' object has no attribute 'transaction'. Did you mean: 'in_transaction'?

The above exception was the direct cause of the following exception:

Traceback (most recent call last):
  File "C:\Users\Nout\Desktop\GitProject\WBandOzon\wb-api-stock-sync\database.py", line 45, in init_database
    await _sync_from_json(database_path, mapping_path)
  File "C:\Users\Nout\Desktop\GitProject\WBandOzon\wb-api-stock-sync\database.py", line 123, in _sync_from_json
    raise DatabaseError(f"Sync failed: {exc}") from exc
database.DatabaseError: Sync failed: 'Connection' object has no attribute 'transaction'
2026-10-03 16:54:03 | CRITICAL | stock_sync     | Failed to initialize system database: Database initialization failed: Sync failed: 'Connection' object has no attribute 'transaction'
2026-10-03 16:58:27 | INFO     | stock_sync     | Starting Multi-Marketplace Stock Sync v2.0...
2026-10-03 16:58:27 | INFO     | database       | Database schema initialized successfully (WAL mode enabled): C:\Users\Nout\Desktop\GitProject\WBandOzon\wb-api-stock-sync\data\stocks.db
2026-10-03 16:58:27 | INFO     | database       | Synchronizing SQLite database with mapping.json (Source of Truth)...
2026-10-03 16:58:27 | ERROR    | database       | Synchronization with mapping.json failed
Traceback (most recent call last):
  File "C:\Users\Nout\Desktop\GitProject\WBandOzon\wb-api-stock-sync\database.py", line 94, in _sync_from_json
    async with db.in_transaction():
               ~~~~~~~~~~~~~~~~~^^
TypeError: 'bool' object is not callable
2026-10-03 16:58:27 | ERROR    | database       | Failed to initialize database
Traceback (most recent call last):
  File "C:\Users\Nout\Desktop\GitProject\WBandOzon\wb-api-stock-sync\database.py", line 94, in _sync_from_json
    async with db.in_transaction():
               ~~~~~~~~~~~~~~~~~^^
TypeError: 'bool' object is not callable

The above exception was the direct cause of the following exception:

Traceback (most recent call last):
  File "C:\Users\Nout\Desktop\GitProject\WBandOzon\wb-api-stock-sync\database.py", line 45, in init_database
    await _sync_from_json(database_path, mapping_path)
  File "C:\Users\Nout\Desktop\GitProject\WBandOzon\wb-api-stock-sync\database.py", line 123, in _sync_from_json
    raise DatabaseError(f"Sync failed: {exc}") from exc
database.DatabaseError: Sync failed: 'bool' object is not callable
2026-10-03 16:58:27 | CRITICAL | stock_sync     | Failed to initialize system database: Database initialization failed: Sync failed: 'bool' object is not callable
2026-10-03 17:13:41 | INFO     | stock_sync     | Starting Multi-Marketplace Stock Sync v2.0...
2026-10-03 17:13:41 | INFO     | database       | Database schema initialized successfully (WAL mode enabled): C:\Users\Nout\Desktop\GitProject\WBandOzon\wb-api-stock-sync\data\stocks.db
2026-10-03 17:13:41 | ERROR    | database       | Synchronization with mapping.json failed: 'bool' object is not callable
2026-10-03 17:13:41 | ERROR    | database       | Failed to initialize database: Sync failed: 'bool' object is not callable
2026-10-03 17:13:41 | CRITICAL | stock_sync     | Failed to initialize system database: Database initialization failed: Sync failed: 'bool' object is not callable
2026-10-03 17:17:10 | INFO     | stock_sync     | Starting Multi-Marketplace Stock Sync v2.0...
2026-10-03 17:17:10 | INFO     | database       | Database schema initialized successfully (WAL mode enabled): C:\Users\Nout\Desktop\GitProject\WBandOzon\wb-api-stock-sync\data\stocks.db
2026-10-03 17:17:10 | ERROR    | database       | Synchronization with mapping.json failed: 'bool' object is not callable
2026-10-03 17:17:10 | ERROR    | database       | Failed to initialize database: Sync failed: 'bool' object is not callable
2026-10-03 17:17:10 | CRITICAL | stock_sync     | Failed to initialize system database: Database initialization failed: Sync failed: 'bool' object is not callable
2026-10-03 17:23:54 | INFO     | stock_sync     | Starting Multi-Marketplace Stock Sync v2.0...
2026-10-03 17:23:54 | INFO     | database       | Database schema initialized successfully (WAL mode enabled): C:\Users\Nout\Desktop\GitProject\WBandOzon\wb-api-stock-sync\data\stocks.db
2026-10-03 17:23:54 | ERROR    | database       | Synchronization with mapping.json failed: 'bool' object is not callable
2026-10-03 17:23:54 | ERROR    | database       | Failed to initialize database: Sync failed: 'bool' object is not callable
2026-10-03 17:23:54 | CRITICAL | stock_sync     | Failed to initialize system database: Database initialization failed: Sync failed: 'bool' object is not callable
2026-10-03 17:32:32 | INFO     | stock_sync     | Starting Multi-Marketplace Stock Sync v2.0...
2026-10-03 17:32:32 | INFO     | database       | Database schema initialized successfully (WAL mode enabled): C:\Users\Nout\Desktop\GitProject\WBandOzon\wb-api-stock-sync\data\stocks.db
2026-10-03 17:32:32 | ERROR    | database       | Synchronization with mapping.json failed: 'bool' object is not callable
2026-10-03 17:32:32 | ERROR    | database       | Failed to initialize database: Sync failed: 'bool' object is not callable
2026-10-03 17:32:32 | CRITICAL | stock_sync     | Failed to initialize system database: Database initialization failed: Sync failed: 'bool' object is not callable
2026-10-03 20:04:09 | INFO     | stock_sync     | Starting Multi-Marketplace Stock Sync v2.0...
2026-10-03 20:04:09 | INFO     | database       | Database schema initialized successfully (WAL mode enabled): C:\Users\Nout\Desktop\GitProject\WBandOzon\wb-api-stock-sync\data\stocks.db
2026-10-03 20:04:09 | INFO     | database       | Successfully synchronized 7 products from mapping.json into SQLite repository
2026-10-03 20:04:09 | INFO     | scheduler      | Scheduler successfully started: running every 15 minute(s)
2026-10-03 20:04:09 | INFO     | stock_sync     | Scheduler running. Press Ctrl+C to exit.
2026-10-03 20:04:09 | INFO     | stock_sync     | Executing initial startup synchronization run...
2026-10-03 20:04:09 | INFO     | stock_sync     | ================================================================================
2026-10-03 20:04:09 | INFO     | stock_sync     | SYNC CYCLE STARTED
2026-10-03 20:04:09 | INFO     | stock_file     | Stock file validation passed: C:\Users\Nout\Desktop\GitProject\WBandOzon\wb-api-stock-sync\stocks.csv (105 bytes)
2026-10-03 20:04:09 | INFO     | stock_file     | Stock file backed up to: C:\Users\Nout\Desktop\GitProject\WBandOzon\wb-api-stock-sync\data\backups\stocks_20261003_200409.csv
2026-10-03 20:04:09 | INFO     | stock_sync     | Stock file backed up: C:\Users\Nout\Desktop\GitProject\WBandOzon\wb-api-stock-sync\data\backups\stocks_20261003_200409.csv
2026-10-03 20:04:11 | INFO     | stock_file     | Stock file processed in background thread: 7 total lines parsed, 7 unique SKUs loaded
2026-10-03 20:04:11 | INFO     | stock_file     | Stock file read successfully (attempt 1/4): 7 rows
2026-10-03 20:04:11 | INFO     | mapper         | Mapper cache successfully loaded: 7 products (wb_barcodes=5, ozon_offers=5)
2026-10-03 20:04:11 | INFO     | stock_sync     | [WB] Sending 5 items in batches
2026-10-03 20:04:11 | INFO     | stock_sync     | [OZON] Sending 5 items in batches
2026-10-03 20:04:11 | INFO     | wb_client      | [WB] Starting sync: 5 items in 1 batches
2026-10-03 20:04:11 | INFO     | ozon_client    | [OZON] Starting sync: 5 items in 1 batches (max_concurrent=3)
2026-10-03 20:04:11 | ERROR    | ozon_client    | [OZON] Batch 1 failed: HTTP error 404: 404 page not found

2026-10-03 20:04:11 | INFO     | ozon_client    | [OZON] PARTIAL/FAIL: updated=0/5, rejected=0, batches=0/1, 429_hits=0, time=0.36s
2026-10-03 20:04:12 | CRITICAL | stock_sync     | [WILDBERRIES] CRITICAL API ERROR: HTTP 401 - {"status":401,"statusText":"Unauthorized","title":"Unauthorized","detail":"invalid API access token: token is malformed: token contains an invalid number of segments","requestId":"3959a39af7991cd3a2cd
2026-10-03 20:04:12 | INFO     | stock_sync     | [RESULT] [OZON] PARTIAL/FAIL: updated=0/5, rejected=0, batches=0/1, 429_hits=0, time=0.36s
2026-10-03 20:04:12 | ERROR    | stock_sync     | Initial startup sync execution failed: Sync loop terminated due to critical marketplace API errors
Traceback (most recent call last):
  File "C:\Users\Nout\Desktop\GitProject\WBandOzon\wb-api-stock-sync\main.py", line 242, in main
    await sync_job()
  File "C:\Users\Nout\Desktop\GitProject\WBandOzon\wb-api-stock-sync\main.py", line 186, in run_sync_cycle
    raise Exception("Sync loop terminated due to critical marketplace API errors")
Exception: Sync loop terminated due to critical marketplace API errors
2026-10-03 20:04:12 | CRITICAL | stock_sync     | Forcing system shutdown due to failed startup verification checks
2026-10-03 20:04:12 | INFO     | scheduler      | Scheduler background engine stopped
